// Jest Snapshot v1, https://goo.gl/fbAQLP

exports[`renders correctly 1`] = `
<Text
  style={
    Array [
      undefined,
      Object {
        "fontSize": 16,
        "lineHeight": 24,
      },
    ]
  }
>
  Test Text
   
</Text>
`;
