// Jest Snapshot v1, https://goo.gl/fbAQLP

exports[`renders correctly 1`] = `
<View
  style={
    Object {
      "alignSelf": "center",
      "flexDirection": "row",
      "justifyContent": "space-between",
      "width": "100%",
    }
  }
>
  <View
    style={
      Object {
        "alignSelf": "center",
      }
    }
  >
    <RNSVGSvgView
      align="xMidYMid"
      bbHeight={24}
      bbWidth={24}
      color={4291085508}
      fill="none"
      focusable={false}
      height={24}
      meetOrSlice={0}
      minX={0}
      minY={0}
      stroke="currentColor"
      style={
        Array [
          Object {
            "backgroundColor": "transparent",
            "borderWidth": 0,
          },
          Object {
            "flex": 0,
            "height": 24,
            "width": 24,
          },
        ]
      }
      tintColor={4291085508}
      vbHeight={24}
      vbWidth={24}
      width={24}
    >
      <RNSVGGroup
        fill={null}
        propList={
          Array [
            "fill",
            "stroke",
          ]
        }
        stroke={
          Array [
            2,
          ]
        }
      >
        <RNSVGPath
          d="M21 21l-6-6m2-5a7 7 0 11-14 0 7 7 0 0114 0z"
          propList={
            Array [
              "strokeWidth",
              "strokeLinecap",
              "strokeLinejoin",
            ]
          }
          strokeLinecap={1}
          strokeLinejoin={1}
          strokeWidth={2}
        />
      </RNSVGGroup>
    </RNSVGSvgView>
  </View>
  <TextInput
    onChangeText={[Function]}
    placeholder="Country name or abbreviation"
    style={
      Array [
        Object {
          "flex": 1,
          "fontSize": 17,
          "marginHorizontal": 8,
          "marginVertical": 8,
        },
        undefined,
      ]
    }
    testID="search-input"
  />
</View>
`;
